Score : 12
1 : Rolls : 3, 4 | 7
2 : Rolls : 5 | 5
